Microchip MPLAB XC8 Compiler V2.32

Linker command line:

-W-3 --edf=D:\Program Files\Microchip\xc8\v2.32\pic\dat\en_msgs.txt -cn \
  -h+dist/default/production\Ultrasonic_Sensor.X.production.sym \
  --cmf=dist/default/production\Ultrasonic_Sensor.X.production.cmf -z \
  -Q16F887 -oC:\Users\Preethi\AppData\Local\Temp\xcAsmu8.4 \
  --defsym=__MPLAB_BUILD=1 \
  -Mdist/default/production/Ultrasonic_Sensor.X.production.map -E1 \
  -ver=XC8 Compiler --acfsm=1493 -ASTACK=0110h-016Fh -pstack=STACK \
  -ACODE=00h-07FFhx4 -ASTRCODE=00h-01FFFh -ASTRING=00h-0FFhx32 \
  -ACONST=00h-0FFhx32 -AENTRY=00h-0FFhx32 -ACOMMON=070h-07Fh \
  -ABANK0=020h-06Fh -ABANK1=0A0h-0EFh -ABANK2=0110h-016Fh \
  -ABANK3=0190h-01EFh -ARAM=020h-06Fh,0A0h-0EFh,0110h-016Fh,0190h-01EFh \
  -AABS1=020h-07Fh,0A0h-0EFh,0110h-016Fh,0190h-01EFh -ASFR0=00h-01Fh \
  -ASFR1=080h-09Fh -ASFR2=0100h-010Fh -ASFR3=0180h-018Fh \
  -ACONFIG=02007h-02008h -DCONFIG=2 -AIDLOC=02000h-02003h -DIDLOC=2 \
  -AEEDATA=00h-0FFh/02100h -peeprom_data=EEDATA -DEEDATA=2 -DCODE=2 \
  -DSTRCODE=2 -DSTRING=2 -DCONST=2 -DENTRY=2 \
  -preset_vec=00h,intentry,init,end_init -ppowerup=CODE -pcinit=CODE \
  -pfunctab=ENTRY -k C:\Users\Preethi\AppData\Local\Temp\xcAsmu8.o \
  dist/default/production\Ultrasonic_Sensor.X.production.o 

Object code version is 3.11

Machine type is 16F887



                Name                               Link     Load   Length Selector   Space Scale
C:\Users\Preethi\AppData\Local\Temp\xcAsmu8.o
                end_init                              0        0        3        0       0
dist/default/production\Ultrasonic_Sensor.X.production.o
                cinit                               7FC      7FC        4      FF8       0
                text5                               2BE      2BE      1DD      57C       0
                text4                               151      151       27      2A2       0
                text3                               49B      49B      361      936       0
                text2                               204      204       BA      408       0
                text1                               145      145        C      28A       0
                maintext                            178      178       8C      2F0       0
                cstackBANK0                          20       20       37       20       1
                cstackCOMMON                         70       70        E       70       1

TOTAL           Name                               Link     Load   Length     Space
        CLASS   STACK          

        CLASS   CODE           
                end_init                              0        0        3         0
                cinit                               7FC      7FC        4         0
                text5                               2BE      2BE      1DD         0
                text4                               151      151       27         0
                text3                               49B      49B      361         0
                text2                               204      204       BA         0
                text1                               145      145        C         0
                maintext                            178      178       8C         0

        CLASS   STRCODE        

        CLASS   STRING         

        CLASS   CONST          

        CLASS   ENTRY          

        CLASS   COMMON         
                cstackCOMMON                         70       70        E         1

        CLASS   BANK0          
                cstackBANK0                          20       20       37         1

        CLASS   BANK1          

        CLASS   BANK2          

        CLASS   BANK3          

        CLASS   RAM            

        CLASS   ABS1           
                abs_s1                               7E       7E        2         1

        CLASS   SFR0           

        CLASS   SFR1           

        CLASS   SFR2           

        CLASS   SFR3           

        CLASS   CONFIG         

        CLASS   IDLOC          

        CLASS   EEDATA         



SEGMENTS        Name                           Load    Length   Top    Selector   Space  Class     Delta

                reset_vec                      000000  000003  000003         0       0  CODE        2
                cstackBANK0                    000020  000037  000057        20       1  BANK0       1
                cstackCOMMON                   000070  00000E  00007E        70       1  COMMON      1
                text1                          000145  00000C  000151       28A       0  CODE        2
                text4                          000151  000027  000178       2A2       0  CODE        2
                maintext                       000178  00008C  000204       2F0       0  CODE        2
                text2                          000204  0000BA  0002BE       408       0  CODE        2
                text5                          0002BE  0001DD  00049B       57C       0  CODE        2
                text3                          00049B  000361  0007FC       936       0  CODE        2
                cinit                          0007FC  000004  000800       FF8       0  CODE        2


UNUSED ADDRESS RANGES

        Name                Unused          Largest block    Delta
        BANK0            0057-006F             19           1
        BANK1            00A0-00EF             50           1
        BANK2            0110-016F             60           1
        BANK3            0190-01EF             60           1
        CODE             0003-0144            142           2
                         0800-1FFF            800
        CONFIG           2007-2008              2           2
        CONST            0003-0144             FD           2
                         0800-1FFF            100
        EEDATA           2100-21FF            100           2
        ENTRY            0003-0144             FD           2
                         0800-1FFF            100
        IDLOC            2000-2003              4           2
        RAM              0057-006F             19           1
                         00A0-00EF             50
                         0110-016F             60
                         0190-01EF             60
        SFR0             0000-001F             20           1
        SFR1             0080-009F             20           1
        SFR2             0100-010F             10           1
        SFR3             0180-018F             10           1
        STACK            0110-016F             60           1
        STRCODE          0003-0144            142           2
                         0800-1FFF           1800
        STRING           0003-0144             FD           2
                         0800-1FFF            100

                                  Symbol Table

?__Umul8_16              cstackCOMMON 0070
?___fldiv                cstackBANK0  0035
?___flmul                cstackBANK0  0020
?___xxtofl               cstackCOMMON 0070
_ANSEL                   (abs)        0188
_ANSELH                  (abs)        0189
_PORTA                   (abs)        0005
_RA0                     (abs)        0028
_RA1                     (abs)        0029
_T1CON                   (abs)        0010
_TMR1                    (abs)        000E
_TMR1IF                  (abs)        0060
_TRISA                   (abs)        0085
__Habs1                  abs1         0000
__Hbank0                 bank0        0000
__Hbank1                 bank1        0000
__Hbank2                 bank2        0000
__Hbank3                 bank3        0000
__Hcinit                 cinit        0800
__Hclrtext               clrtext      0000
__Hcode                  code         0000
__Hcommon                common       0000
__HcstackBANK0           cstackBANK0  0000
__HcstackCOMMON          cstackCOMMON 0000
__Heeprom_data           eeprom_data  0000
__Hend_init              end_init     0003
__Hfunctab               functab      0000
__Hinit                  init         0000
__Hintentry              intentry     0000
__Hmaintext              maintext     0000
__Hpowerup               powerup      0000
__Hram                   ram          0000
__Hreset_vec             reset_vec    0000
__Hsfr0                  sfr0         0000
__Hsfr1                  sfr1         0000
__Hsfr2                  sfr2         0000
__Hsfr3                  sfr3         0000
__Hspace_0               (abs)        0800
__Hspace_1               (abs)        007E
__Hspace_2               (abs)        0000
__Hspace_3               (abs)        0000
__Hstack                 stack        0000
__Hstrings               strings      0000
__Htext                  text         0000
__Labs1                  abs1         0000
__Lbank0                 bank0        0000
__Lbank1                 bank1        0000
__Lbank2                 bank2        0000
__Lbank3                 bank3        0000
__Lcinit                 cinit        07FC
__Lclrtext               clrtext      0000
__Lcode                  code         0000
__Lcommon                common       0000
__LcstackBANK0           cstackBANK0  0000
__LcstackCOMMON          cstackCOMMON 0000
__Leeprom_data           eeprom_data  0000
__Lend_init              end_init     0000
__Lfunctab               functab      0000
__Linit                  init         0000
__Lintentry              intentry     0000
__Lmaintext              maintext     0000
__Lpowerup               powerup      0000
__Lram                   ram          0000
__Lreset_vec             reset_vec    0000
__Lsfr0                  sfr0         0000
__Lsfr1                  sfr1         0000
__Lsfr2                  sfr2         0000
__Lsfr3                  sfr3         0000
__Lspace_0               (abs)        0000
__Lspace_1               (abs)        0000
__Lspace_2               (abs)        0000
__Lspace_3               (abs)        0000
__Lstack                 stack        0000
__Lstrings               strings      0000
__Ltext                  text         0000
__S0                     (abs)        0800
__S1                     (abs)        007E
__S2                     (abs)        0000
__S3                     (abs)        0000
__Umul8_16               text4        0151
__Umul8_16@multiplicand  cstackCOMMON 0070
__Umul8_16@multiplier    cstackCOMMON 0078
__Umul8_16@product       cstackCOMMON 0074
__Umul8_16@word_mpld     cstackCOMMON 0076
___fldiv                 text5        02BE
___fldiv@a               cstackBANK0  0035
___fldiv@aexp            cstackBANK0  004E
___fldiv@b               cstackBANK0  0039
___fldiv@bexp            cstackBANK0  004D
___fldiv@grs             cstackBANK0  0049
___fldiv@new_exp         cstackBANK0  0047
___fldiv@rem             cstackBANK0  0042
___fldiv@sign            cstackBANK0  0046
___flmul                 text3        049B
___flmul@a               cstackBANK0  0024
___flmul@aexp            cstackBANK0  002D
___flmul@b               cstackBANK0  0020
___flmul@bexp            cstackBANK0  002E
___flmul@grs             cstackBANK0  0029
___flmul@prod            cstackBANK0  002F
___flmul@sign            cstackBANK0  0028
___flmul@temp            cstackBANK0  0033
___int_sp                stack        0000
___latbits               (abs)        0002
___sp                    stack        0000
___stackhi               (abs)        0000
___stacklo               (abs)        0000
___xxtofl                text2        0204
___xxtofl@arg            cstackCOMMON 007A
___xxtofl@exp            cstackCOMMON 0079
___xxtofl@sign           cstackCOMMON 0078
___xxtofl@val            cstackCOMMON 0070
__end_of__Umul8_16       text4        0178
__end_of___fldiv         text5        049B
__end_of___flmul         text3        07FC
__end_of___xxtofl        text2        02BE
__end_of__initialization cinit        07FC
__end_of_main            maintext     0204
__end_of_timer1          text1        0151
__initialization         cinit        07FC
__pcstackBANK0           cstackBANK0  0020
__pcstackCOMMON          cstackCOMMON 0070
__pmaintext              maintext     0178
__ptext1                 text1        0145
__ptext2                 text2        0204
__ptext3                 text3        049B
__ptext4                 text4        0151
__ptext5                 text5        02BE
__size_of__Umul8_16      (abs)        0000
__size_of___fldiv        (abs)        0000
__size_of___flmul        (abs)        0000
__size_of___xxtofl       (abs)        0000
__size_of_main           (abs)        0000
__size_of_timer1         (abs)        0000
_main                    maintext     0178
_timer1                  text1        0145
btemp                    (abs)        007E
end_of_initialization    cinit        07FC
intlevel0                functab      0000
intlevel1                functab      0000
intlevel2                functab      0000
intlevel3                functab      0000
intlevel4                functab      0000
intlevel5                functab      0000
main@pulse               cstackBANK0  004F
main@time                cstackBANK0  0053
reset_vec                reset_vec    0000
start                    init         0000
start_initialization     cinit        07FC
wtemp0                   (abs)        007E


MODULE INFORMATION

Module		Function		Class		Link	Load	Size
D:\Program Files\Microchip\xc8\v2.32\pic\sources\c90\common\xxtofl.c
		___xxtofl      		CODE           	0204	0000	186

D:\Program Files\Microchip\xc8\v2.32\pic\sources\c90\common\xxtofl.c estimated size: 186

shared
		__initialization		CODE           	07FC	0000	1

shared estimated size: 1

Ultrasonic_Sensor.c
		_main          		CODE           	0178	0000	140
		_timer1        		CODE           	0145	0000	12

Ultrasonic_Sensor.c estimated size: 152

D:\Program Files\Microchip\xc8\v2.32\pic\sources\c90\common\sprcmul.c
		___flmul       		CODE           	049B	0000	865

D:\Program Files\Microchip\xc8\v2.32\pic\sources\c90\common\sprcmul.c estimated size: 865

D:\Program Files\Microchip\xc8\v2.32\pic\sources\c90\common\Umul8_16.c
		__Umul8_16     		CODE           	0151	0000	39

D:\Program Files\Microchip\xc8\v2.32\pic\sources\c90\common\Umul8_16.c estimated size: 39

D:\Program Files\Microchip\xc8\v2.32\pic\sources\c90\common\sprcdiv.c
		___fldiv       		CODE           	02BE	0000	477

D:\Program Files\Microchip\xc8\v2.32\pic\sources\c90\common\sprcdiv.c estimated size: 477

